// Vitest Snapshot v1, https://vitest.dev/guide/snapshot.html

exports[`Snapshot: .github/copilot-instructions.md > renders to a stable snapshot 1`] = `
"<!-- roadie:start:roadie-toc -->
# Project Instructions (ToC)

This file is the primary entry point for AI agents. To maintain reasoning quality, 
it follows the **Roadie 2026 Hierarchy**. Modular rules are linked below:

- [Technology Stack](./tech-stack.md)
- [Repository Structure](./structure.md)
- [Architectural Patterns](./patterns.md)
- [Operating Rules](./operating-rules.md)

## High-Level Objective
Maintain a high-quality TypeScript codebase following the WISC framework.
<!-- roadie:end:roadie-toc -->

<!-- roadie:start:core-commands -->
## Core Commands

- **build**: \`npm run build\`
- **test**: \`npm test\`
- **lint**: \`npm run lint\`
<!-- roadie:end:core-commands -->
"
`;

exports[`Snapshot: CLAUDE.md > renders to a stable snapshot 1`] = `
"<!-- roadie:start:workspace-rules -->
# Global Rules — Apply in Every Workspace

## Tech Stack
- **TypeScript** 5.2.0 (language)
- **Node.js** (runtime)
- **Vitest** 0.34.0 (test_tool)
- **tsup** 8.0.0 (build_tool)
- **npm** (package_manager)

## Commands
- **build**: \`npm run build\`
- **test**: \`npm test\`
- **lint**: \`npm run lint\`
<!-- roadie:end:workspace-rules -->

<!-- roadie:start:repo-map -->
## Repository Map

- **src/** (source) — 4 files
- **test/** (test) — 3 files
- **scripts/** (scripts)
<!-- roadie:end:repo-map -->

<!-- roadie:start:forbidden -->
## Forbidden

_Add project-specific forbidden patterns here. This section is preserved across regenerations._
<!-- roadie:end:forbidden -->
"
`;
